CHECK: clone HEAD equals H and the tree is clean
CHECK: sealed registration digest, sealed declaration, every pin, gate acceptance of the registration
CHECK: sha256(registration) == PREREG_SHA256
CHECK: no unfilled seal pin
CHECK: declaration parses (refuses unless sealed, pattern, count rule)
CHECK: sha256(scripts/night_chains/calibration_derivation_only.zsh) == pins.chain_sha256
CHECK: sha256(scripts/validate_powermetrics_fiducial.py) == pins.validator_sha256
CHECK: sha256(scripts/prewindow_check.sh) == pins.prewindow_check_sha256
CHECK: sha256(joulewise/powermetrics_fiducial.py) == pins.estimator_code_sha256
CHECK: sha256(joulewise/uncertainty_evidence.py) == pins.estimator_code_sha256
CHECK: sha256(joulewise/adapters/powermetrics.py) == pins.estimator_code_sha256
CHECK: sha256(joulewise/reduce.py) == pins.estimator_code_sha256
CHECK: both launch templates are the pinned pair
CHECK: pins.cap_cells == the code's cell budget
CHECK: the night gate would accept this registration (GAP 1: main's RULED_REGISTRATIONS)
step2 pins PASS
CHECK: frozen calibration plan digest, byte copy into custody
stale identity fields vs /Users/edr/night-custody/measurement/JouleWise-measurement-20261001T2252Z-r6-c2/configs/calibration/calibration_acceptance_d079_v2_n17_r8.json: os_build
IDENTITY_EPOCH_JSON=/Users/edr/night-custody/d079-epoch-25g83-r6-derivation-c2-20261001T2252Z/identity-epoch.json sha256=b8a1094c24d1795e39fc527ce96ba9e1a4ba2bda66d4250f35a462e28a90b607
T1_BINDINGS_JSON=/Users/edr/night-custody/d079-epoch-25g83-r6-derivation-c2-20261001T2252Z/t1-bindings.json sha256=8dcdfb009d9cf6c7d218bf19667ad1b88f6a9747c6822c02fd2997ef9a1e9d98
CHECK: live identity epoch equals the sealed declaration's identity epoch
CHECK: identity os_build: live '25G83' == declared '25G83'
CHECK: identity hardware_model: live 'Mac15,9' == declared 'Mac15,9'
CHECK: identity power_policy: live 'ac_high_power' == declared 'ac_high_power'
CHECK: identity sampling_interval_ms: live 100 == declared 100
CHECK: identity estimator_revision: live 'joint_loss_sublevel_interval_branch_v2' == declared 'joint_loss_sublevel_interval_branch_v2'
CHECK: identity pulse_protocol_id: live 'powermetrics_pulse_fiducial_v3' == declared 'powermetrics_pulse_fiducial_v3'
CHECK: t0 minute aligned, 0 <= t0 - authored <= 129600 and authored < t0 - 600
/Users/edr/night-plan-staging/d079-epoch-25g83-r6-derivation-c2-20261001T2252Z/night_plan.json
PASS generated derivation-night wrapper region matches
emitted /Users/edr/night-custody/d079-epoch-25g83-r6-derivation-c2-20261001T2252Z/chain.zsh sha256=e19d86cb0e45914a0969c818d80e7d8a83e9291b576d390476e9c670506be911
VERIFIED /Users/edr/night-custody/d079-epoch-25g83-r6-derivation-c2-20261001T2252Z/chain.zsh sha256=e19d86cb0e45914a0969c818d80e7d8a83e9291b576d390476e9c670506be911
{"preflight": "ok", "python": "/Users/edr/night-custody/measurement/JouleWise-measurement-20261001T2252Z-r6-c2/.venv/bin/python", "version": "3.13.1", "modules": ["scripts.run_night", "joulewise.arm_readiness", "joulewise.arm_readiness_evidence_t0", "joulewise.t0_rehearsal", "joulewise.night_gate", "joulewise.measurement_liveness"]}
{"preflight": "ok", "python": "/Users/edr/night-custody/measurement/JouleWise-measurement-20261001T2252Z-r6-c2/.venv/bin/python", "version": "3.13.1", "modules": ["scripts.run_night", "joulewise.arm_readiness", "joulewise.arm_readiness_evidence_t0", "joulewise.t0_rehearsal", "joulewise.night_gate", "joulewise.measurement_liveness"]}
{"input_digests": {"/Users/edr/night-custody/d079-epoch-25g83-r6-derivation-c2-20261001T2252Z/calibration_plan.json": "sha256:9ab4776f3c416284d6d01a5a49587eedcdfbcb8ef61428cdc1046e9b9d74a072", "/Users/edr/night-custody/d079-epoch-25g83-r6-derivation-c2-20261001T2252Z/identity-epoch.json": "sha256:b8a1094c24d1795e39fc527ce96ba9e1a4ba2bda66d4250f35a462e28a90b607", "/Users/edr/night-custody/d079-epoch-25g83-r6-derivation-c2-20261001T2252Z/t1-bindings.json": "sha256:8dcdfb009d9cf6c7d218bf19667ad1b88f6a9747c6822c02fd2997ef9a1e9d98", "/Users/edr/night-custody/measurement/JouleWise-measurement-20261001T2252Z-r6-c2/configs/calibration/calibration_ledger_head.json": "sha256:820d50fc35427ea02359d15f2d037d177c72a717e15a98c7352a84368e688ee7", "/Users/edr/night-custody/measurement/JouleWise-measurement-20261001T2252Z-r6-c2/runs/calibration_observation_ledger.jsonl": "sha256:20701b42557a217764c58d60fbc50daec45e5efe49c7f6cdd30811b0105c7ea5", "/Users/edr/night-plan-staging/d079-epoch-25g83-r6-derivation-c2-20261001T2252Z/night_plan.json": "sha256:be05b87a5bfa0e8a7ef8858e1e6039cb73de7ca455c203a1529d11ab8c393728"}}
validated pins: repo_head=f54473f3acaf63aa2e329027bcb2e8bd83579db7 measurement_root=/Users/edr/night-custody/measurement/JouleWise-measurement-20261001T2252Z-r6-c2 measurement_head=f54473f3acaf63aa2e329027bcb2e8bd83579db7
{"launch_context": {"com.joulewise.night": {"ProcessType": "Interactive", "rendered_plist_sha256": "54ee96a551b13aa09a99d40454ff3fafd97607e4fb01a88cf72e1b6fdbe223a2"}, "com.joulewise.night-probe.d079-epoch-25g83-r6-derivation-c2-20261001T2252Z": {"ProcessType": "Interactive", "rendered_plist_sha256": "fb3bd3f4728c96d99136d2c299aaa08f5d06f34ad191212453475748adc3f0e1"}, "com.joulewise.night.deadman": {"ProcessType": "Interactive", "rendered_plist_sha256": "5a2cd7e36f70524e718e93db85cd57a7347f086bc0926ce08432f7fbf336fe48"}}}
CHECK: com.joulewise.night-probe.d079-epoch-25g83-r6-derivation-c2-20261001T2252Z.plist ProcessType == Interactive
CHECK: com.joulewise.night.deadman.plist ProcessType == Interactive
CHECK: com.joulewise.night.plist ProcessType == Interactive
{"deadman_calendar": {"Hour": 19, "Minute": 27}, "deadman_epoch_s": 1790908020.0, "install_close_epoch_s": 1790894520.0, "install_spans_today": [[1790838000.0, 1790924400.0]], "night_calendar": {"Day": 1, "Hour": 15, "Minute": 52, "Month": 10}, "t0_epoch_s": 1790895120.0}
/Users/edr/night-custody/d079-epoch-25g83-r6-derivation-c2-20261001T2252Z:
total 160
drwxr-xr-x@ 10 edr  staff    320 Oct  1 14:22 .
drwxr-xr-x@ 19 edr  staff    608 Oct  1 14:22 ..
-rw-r--r--@  1 edr  staff  45076 Oct  1 14:22 calibration_plan.json
-rwxr-xr-x@  1 edr  staff   9316 Oct  1 14:22 chain.zsh
-rw-r--r--@  1 edr  staff    119 Oct  1 14:22 chain.zsh.chain-source.sha256
-rw-r--r--@  1 edr  staff     76 Oct  1 14:22 chain.zsh.sha256
-rw-r--r--@  1 edr  staff    246 Oct  1 14:22 identity-epoch.json
drwxr-xr-x@  2 edr  staff     64 Oct  1 14:22 night
-rw-r--r--@  1 edr  staff    572 Oct  1 14:22 start_conditions_manifest.json
-rw-r--r--@  1 edr  staff    541 Oct  1 14:22 t1-bindings.json

/Users/edr/night-plan-staging/d079-epoch-25g83-r6-derivation-c2-20261001T2252Z:
total 32
drwxr-xr-x@  7 edr  staff   224 Oct  1 14:22 .
drwxr-xr-x@ 20 edr  staff   640 Oct  1 14:21 ..
-rw-r--r--@  1 edr  staff  1275 Oct  1 14:21 battery-gate.txt
-rw-------@  1 edr  staff   893 Oct  1 14:22 night_plan.json
-rw-r--r--@  1 edr  staff  1023 Oct  1 14:22 render-context.json
drwxr-xr-x@  5 edr  staff   160 Oct  1 14:22 rendered-agents
-rw-r--r--@  1 edr  staff   273 Oct  1 14:22 schedule.json
STEP2 OK
