CHECK: clone HEAD equals H and the tree is clean
CHECK: sealed registration digest, sealed declaration, every pin, gate acceptance of the registration
CHECK: sha256(registration) == PREREG_SHA256
CHECK: no unfilled seal pin
CHECK: declaration parses (refuses unless sealed, pattern, count rule)
CHECK: sha256(scripts/night_chains/calibration_derivation_only.zsh) == pins.chain_sha256
CHECK: sha256(scripts/validate_powermetrics_fiducial.py) == pins.validator_sha256
CHECK: sha256(scripts/prewindow_check.sh) == pins.prewindow_check_sha256
CHECK: sha256(joulewise/powermetrics_fiducial.py) == pins.estimator_code_sha256
CHECK: sha256(joulewise/uncertainty_evidence.py) == pins.estimator_code_sha256
CHECK: sha256(joulewise/adapters/powermetrics.py) == pins.estimator_code_sha256
CHECK: sha256(joulewise/reduce.py) == pins.estimator_code_sha256
CHECK: both launch templates are the pinned pair
CHECK: pins.cap_cells == the code's cell budget
CHECK: first window: committed ledger pin == pins.ledger_head_pin_at_first_window
CHECK: the night gate would accept this registration (GAP 1: main's RULED_REGISTRATIONS)
step2 pins PASS
CHECK: frozen calibration plan digest, byte copy into custody
stale identity fields vs /Users/edr/night-custody/measurement/JouleWise-measurement-20261001T0617Z-r6-c1/configs/calibration/calibration_acceptance_d079_v2_n17_r8.json: os_build
IDENTITY_EPOCH_JSON=/Users/edr/night-custody/d079-epoch-25g83-r6-derivation-c1-20261001T0617Z/identity-epoch.json sha256=b8a1094c24d1795e39fc527ce96ba9e1a4ba2bda66d4250f35a462e28a90b607
T1_BINDINGS_JSON=/Users/edr/night-custody/d079-epoch-25g83-r6-derivation-c1-20261001T0617Z/t1-bindings.json sha256=8dcdfb009d9cf6c7d218bf19667ad1b88f6a9747c6822c02fd2997ef9a1e9d98
CHECK: live identity epoch equals the sealed declaration's identity epoch
CHECK: identity os_build: live '25G83' == declared '25G83'
CHECK: identity hardware_model: live 'Mac15,9' == declared 'Mac15,9'
CHECK: identity power_policy: live 'ac_high_power' == declared 'ac_high_power'
CHECK: identity sampling_interval_ms: live 100 == declared 100
CHECK: identity estimator_revision: live 'joint_loss_sublevel_interval_branch_v2' == declared 'joint_loss_sublevel_interval_branch_v2'
CHECK: identity pulse_protocol_id: live 'powermetrics_pulse_fiducial_v3' == declared 'powermetrics_pulse_fiducial_v3'
CHECK: t0 minute aligned, 0 <= t0 - authored <= 129600 and authored < t0 - 600
/Users/edr/night-plan-staging/d079-epoch-25g83-r6-derivation-c1-20261001T0617Z/night_plan.json
PASS generated derivation-night wrapper region matches
emitted /Users/edr/night-custody/d079-epoch-25g83-r6-derivation-c1-20261001T0617Z/chain.zsh sha256=27924ffd849a50d5237629cd653b3bc6a230d19bd73c5e9420f89c5aa61e91a7
VERIFIED /Users/edr/night-custody/d079-epoch-25g83-r6-derivation-c1-20261001T0617Z/chain.zsh sha256=27924ffd849a50d5237629cd653b3bc6a230d19bd73c5e9420f89c5aa61e91a7
{"preflight": "ok", "python": "/Users/edr/night-custody/measurement/JouleWise-measurement-20261001T0617Z-r6-c1/.venv/bin/python", "version": "3.13.1", "modules": ["scripts.run_night", "joulewise.arm_readiness", "joulewise.arm_readiness_evidence_t0", "joulewise.t0_rehearsal", "joulewise.night_gate", "joulewise.measurement_liveness"]}
{"preflight": "ok", "python": "/Users/edr/night-custody/measurement/JouleWise-measurement-20261001T0617Z-r6-c1/.venv/bin/python", "version": "3.13.1", "modules": ["scripts.run_night", "joulewise.arm_readiness", "joulewise.arm_readiness_evidence_t0", "joulewise.t0_rehearsal", "joulewise.night_gate", "joulewise.measurement_liveness"]}
{"input_digests": {"/Users/edr/night-custody/d079-epoch-25g83-r6-derivation-c1-20261001T0617Z/calibration_plan.json": "sha256:9ab4776f3c416284d6d01a5a49587eedcdfbcb8ef61428cdc1046e9b9d74a072", "/Users/edr/night-custody/d079-epoch-25g83-r6-derivation-c1-20261001T0617Z/identity-epoch.json": "sha256:b8a1094c24d1795e39fc527ce96ba9e1a4ba2bda66d4250f35a462e28a90b607", "/Users/edr/night-custody/d079-epoch-25g83-r6-derivation-c1-20261001T0617Z/t1-bindings.json": "sha256:8dcdfb009d9cf6c7d218bf19667ad1b88f6a9747c6822c02fd2997ef9a1e9d98", "/Users/edr/night-custody/measurement/JouleWise-measurement-20261001T0617Z-r6-c1/configs/calibration/calibration_ledger_head.json": "sha256:5dbac530fbaebecfcd730acf1e49f9e2dff315da282382b5e6b5812fcd04aad5", "/Users/edr/night-custody/measurement/JouleWise-measurement-20261001T0617Z-r6-c1/runs/calibration_observation_ledger.jsonl": "sha256:23f72c37cb2483faa1b31a603996b86d6b7b390ce9460f490699501cfc971c7d", "/Users/edr/night-plan-staging/d079-epoch-25g83-r6-derivation-c1-20261001T0617Z/night_plan.json": "sha256:bee393575ac6129765619cb322f9c8ffbed4072232288838d02d94a303d4bdf8"}}
validated pins: repo_head=f0e211cbb5b6715cd9c67c3d56dd2fa8c0e4e67a measurement_root=/Users/edr/night-custody/measurement/JouleWise-measurement-20261001T0617Z-r6-c1 measurement_head=f0e211cbb5b6715cd9c67c3d56dd2fa8c0e4e67a
{"launch_context": {"com.joulewise.night": {"ProcessType": "Interactive", "rendered_plist_sha256": "ecdcb9d63fbf20c0e5a375ebf5297ad9712db1003a7344c746f6334511d7359f"}, "com.joulewise.night-probe.d079-epoch-25g83-r6-derivation-c1-20261001T0617Z": {"ProcessType": "Interactive", "rendered_plist_sha256": "c86b0167f66e61f816bba7acf8dad53406ea7594080d3bd63702dec6b6476a32"}, "com.joulewise.night.deadman": {"ProcessType": "Interactive", "rendered_plist_sha256": "fb6731d831afc72e7b1a15d8860c583e79df30362ee5d145d508cdc62095a405"}}}
CHECK: com.joulewise.night-probe.d079-epoch-25g83-r6-derivation-c1-20261001T0617Z.plist ProcessType == Interactive
CHECK: com.joulewise.night.deadman.plist ProcessType == Interactive
CHECK: com.joulewise.night.plist ProcessType == Interactive
{"deadman_calendar": {"Hour": 2, "Minute": 52}, "deadman_epoch_s": 1790848320.0, "install_close_epoch_s": 1790834820.0, "install_spans_today": [[1790751600.0, 1790838000.0]], "night_calendar": {"Day": 30, "Hour": 23, "Minute": 17, "Month": 9}, "t0_epoch_s": 1790835420.0}
/Users/edr/night-custody/d079-epoch-25g83-r6-derivation-c1-20261001T0617Z:
total 160
drwxr-xr-x@ 10 edr  staff    320 Sep 30 21:46 .
drwxr-xr-x@ 18 edr  staff    576 Sep 30 21:46 ..
-rw-r--r--@  1 edr  staff  45076 Sep 30 21:46 calibration_plan.json
-rwxr-xr-x@  1 edr  staff   9316 Sep 30 21:46 chain.zsh
-rw-r--r--@  1 edr  staff    119 Sep 30 21:46 chain.zsh.chain-source.sha256
-rw-r--r--@  1 edr  staff     76 Sep 30 21:46 chain.zsh.sha256
-rw-r--r--@  1 edr  staff    246 Sep 30 21:46 identity-epoch.json
drwxr-xr-x@  2 edr  staff     64 Sep 30 21:46 night
-rw-r--r--@  1 edr  staff    329 Sep 30 21:46 start_conditions_manifest.json
-rw-r--r--@  1 edr  staff    541 Sep 30 21:46 t1-bindings.json

/Users/edr/night-plan-staging/d079-epoch-25g83-r6-derivation-c1-20261001T0617Z:
total 32
drwxr-xr-x@  7 edr  staff   224 Sep 30 21:46 .
drwxr-xr-x@ 19 edr  staff   608 Sep 30 21:46 ..
-rw-r--r--@  1 edr  staff  1276 Sep 30 21:46 battery-gate.txt
-rw-------@  1 edr  staff   893 Sep 30 21:46 night_plan.json
-rw-r--r--@  1 edr  staff  1023 Sep 30 21:46 render-context.json
drwxr-xr-x@  5 edr  staff   160 Sep 30 21:46 rendered-agents
-rw-r--r--@  1 edr  staff   272 Sep 30 21:46 schedule.json
STEP2 OK
