ERROR: test_d110_allowance_selects_both_max_operands_across_windows (test_calibration_live_three_window.CalibrationLiveThreeWindowTests.test_d110_allowance_selects_both_max_operands_across_windows)
ERROR: test_l5_foreign_runs_root_cannot_bracket_with_or_without_binding (test_calibration_live_three_window.CalibrationLiveThreeWindowTests.test_l5_foreign_runs_root_cannot_bracket_with_or_without_binding)
ERROR: test_refuses_omitted_added_duplicated_off_ledger_or_substituted_observations (test_calibration_live_three_window.CalibrationLiveThreeWindowTests.test_refuses_omitted_added_duplicated_off_ledger_or_substituted_observations)
FAIL: test_authored_evidence_makes_synthetic_pack_freeze_pass (test_arm_readiness_evidence_author.ArmReadinessEvidenceAuthorTests.test_authored_evidence_makes_synthetic_pack_freeze_pass)
FAIL: test_production_suite_runner_records_exact_three_window_counts (test_arm_readiness_evidence_author.ArmReadinessEvidenceAuthorTests.test_production_suite_runner_records_exact_three_window_counts)
FAIL: test_issued_reducer_sha_and_five_direct_reads_are_characterized (test_authentication_io.AuthenticationSurfaceGuardTests.test_issued_reducer_sha_and_five_direct_reads_are_characterized)
FAIL: test_marked_v2_surface_has_no_direct_readable_io (test_authentication_io.AuthenticationSurfaceGuardTests.test_marked_v2_surface_has_no_direct_readable_io)
FAIL: test_alpha_beta_gamma_each_bind_only_their_own_pre_post_pair (test_calibration_live_three_window.CalibrationLiveThreeWindowTests.test_alpha_beta_gamma_each_bind_only_their_own_pre_post_pair) (window='alpha')
FAIL: test_alpha_beta_gamma_each_bind_only_their_own_pre_post_pair (test_calibration_live_three_window.CalibrationLiveThreeWindowTests.test_alpha_beta_gamma_each_bind_only_their_own_pre_post_pair) (window='beta')
FAIL: test_alpha_beta_gamma_each_bind_only_their_own_pre_post_pair (test_calibration_live_three_window.CalibrationLiveThreeWindowTests.test_alpha_beta_gamma_each_bind_only_their_own_pre_post_pair) (window='gamma')
FAIL: test_bundle_path_uses_ledger_discovery_as_candidate_authority (test_calibration_live_three_window.CalibrationLiveThreeWindowTests.test_bundle_path_uses_ledger_discovery_as_candidate_authority)
FAIL: test_each_night_issues_its_verdict_at_a_committed_closeout (test_calibration_live_three_window.CalibrationLiveThreeWindowTests.test_each_night_issues_its_verdict_at_a_committed_closeout) (closeout='alpha')
FAIL: test_each_night_issues_its_verdict_at_a_committed_closeout (test_calibration_live_three_window.CalibrationLiveThreeWindowTests.test_each_night_issues_its_verdict_at_a_committed_closeout) (closeout='beta')
FAIL: test_each_night_issues_its_verdict_at_a_committed_closeout (test_calibration_live_three_window.CalibrationLiveThreeWindowTests.test_each_night_issues_its_verdict_at_a_committed_closeout) (closeout='gamma')
FAIL: test_exactly_six_live_candidates_and_zero_imported_candidates (test_calibration_live_three_window.CalibrationLiveThreeWindowTests.test_exactly_six_live_candidates_and_zero_imported_candidates)
FAIL: test_final_closeout_replays_all_verdicts_with_complete_universe (test_calibration_live_three_window.CalibrationLiveThreeWindowTests.test_final_closeout_replays_all_verdicts_with_complete_universe)
FAIL: test_no_failure_campaign_has_32_valid_observations_two_short_of_trigger (test_calibration_live_three_window.CalibrationLiveThreeWindowTests.test_no_failure_campaign_has_32_valid_observations_two_short_of_trigger)
FAIL: test_refuses_missing_tampered_swapped_or_cross_window_bracket_binding (test_calibration_live_three_window.CalibrationLiveThreeWindowTests.test_refuses_missing_tampered_swapped_or_cross_window_bracket_binding)
FAIL: test_refuses_noncausal_stale_t1_protocol_or_epoch_mismatched_endpoint (test_calibration_live_three_window.CalibrationLiveThreeWindowTests.test_refuses_noncausal_stale_t1_protocol_or_epoch_mismatched_endpoint) (vector='noncausal')
FAIL: test_refuses_noncausal_stale_t1_protocol_or_epoch_mismatched_endpoint (test_calibration_live_three_window.CalibrationLiveThreeWindowTests.test_refuses_noncausal_stale_t1_protocol_or_epoch_mismatched_endpoint) (vector='stale')
FAIL: test_refuses_noncausal_stale_t1_protocol_or_epoch_mismatched_endpoint (test_calibration_live_three_window.CalibrationLiveThreeWindowTests.test_refuses_noncausal_stale_t1_protocol_or_epoch_mismatched_endpoint) (vector='t1')
FAIL: test_refuses_noncausal_stale_t1_protocol_or_epoch_mismatched_endpoint (test_calibration_live_three_window.CalibrationLiveThreeWindowTests.test_refuses_noncausal_stale_t1_protocol_or_epoch_mismatched_endpoint) (vector='protocol')
FAIL: test_refuses_noncausal_stale_t1_protocol_or_epoch_mismatched_endpoint (test_calibration_live_three_window.CalibrationLiveThreeWindowTests.test_refuses_noncausal_stale_t1_protocol_or_epoch_mismatched_endpoint) (vector='epoch')
FAIL: test_powermetrics_thermal_coverage_is_continuous_across_admission_handoff (test_controller.HappyPathTests.test_powermetrics_thermal_coverage_is_continuous_across_admission_handoff)
FAIL: test_code_vocabularies_are_present_in_d078_amendment (test_d078_reason_registry.D078ReasonRegistryTests.test_code_vocabularies_are_present_in_d078_amendment) (reason='capture_pipeline_absent')
FAIL: test_code_vocabularies_are_present_in_d078_amendment (test_d078_reason_registry.D078ReasonRegistryTests.test_code_vocabularies_are_present_in_d078_amendment) (reason='capture_pipeline_superseded')
FAIL: test_code_vocabularies_are_present_in_d078_amendment (test_d078_reason_registry.D078ReasonRegistryTests.test_code_vocabularies_are_present_in_d078_amendment) (reason='instrument_calibration_capture_time_mismatch')
FAIL: test_fallback_member_is_excluded_and_remaining_members_define_floor (test_detection_floor.TestAnchorFallbackFloorMemberGate.test_fallback_member_is_excluded_and_remaining_members_define_floor)
FAIL: test_fully_anchored_cell_is_unchanged (test_detection_floor.TestAnchorFallbackFloorMemberGate.test_fully_anchored_cell_is_unchanged)
FAIL: test_current_sections_do_not_copy_volatile_literals (test_docs_freshness.DocsFreshnessTests.test_current_sections_do_not_copy_volatile_literals)
Ran 3755 tests in 2756.517s
FAILED (failures=27, errors=3, skipped=95)
