CHECK: clone HEAD still equals reviewed H and the tree is clean
CHECK: amended Revision 5, frozen calibration plan and both PR-L templates have their exact arm-time digests
CHECK: sha256(configs/calibration/preregistration_d079_epoch_25g83_rev1.md) == PREREG_SHA256: 81b65f08b19127a106307b9b94616dfeb49d04c3c69f72615cf316792e36ddf1
CHECK: sha256(configs/campaigns/d117_floor_qwen25_1p5b_v3/calibration_plan.json) == FROZEN_PLAN_SHA256: 9ab4776f3c416284d6d01a5a49587eedcdfbcb8ef61428cdc1046e9b9d74a072
CHECK: sha256(configs/launchd/com.joulewise.night.plist.template) == NIGHT_TEMPLATE_SHA256: e62a461b9f739be6aa57588219674cbb27f574dc40930ee1ee706f230442e5c8
CHECK: sha256(configs/launchd/com.joulewise.night-probe.plist.template) == PROBE_TEMPLATE_SHA256: 1570b74587075445ee64fff9b14b718a4b753ec3432db9363455636a2d2fc1fd
CHECK: sealed launch-context placeholder count == 0: 0
CHECK: A-R5b heading occurs exactly once: 1
CHECK: Revision 5 names the PR-L merge commit and both template digests
== epoch checks
Desk epoch watch (identity comparison only; no capture authorization)
ACTIVE acceptance: d079_calibration_acceptance_v2_n17_r7
field                  expected                                                         observed                                                         status
os_build               25F84                                                            25G83                                                            MISMATCH
hardware_model         Mac15,9                                                          Mac15,9                                                          match
powermetrics_sha256    b762e5bf7628e77d279012882c096e922633a47aa38bd5f05c0381cfb21330c5 b762e5bf7628e77d279012882c096e922633a47aa38bd5f05c0381cfb21330c5 match
mlx_version            0.31.2                                                           0.31.2                                                           match
mismatched fields: os_build Desk epoch watch (identity comparison only; no capture authorization)
ACTIVE acceptance: d079_calibration_acceptance_v2_n17_r7
field                  expected                                                         observed                                                         status
os_build               25F84                                                            25G83                                                            MISMATCH
hardware_model         Mac15,9                                                          Mac15,9                                                          match
powermetrics_sha256    b762e5bf7628e77d279012882c096e922633a47aa38bd5f05c0381cfb21330c5 b762e5bf7628e77d279012882c096e922633a47aa38bd5f05c0381cfb21330c5 match
mlx_version            0.31.2                                                           0.31.2                                                           match
mismatched fields: os_build
pre-registered powermetrics sha256 b762e5bf7628e77d279012882c096e922633a47aa38bd5f05c0381cfb21330c5: match
check_rc=3 prereg_rc=3
CHECK: test "$check_rc" -eq 3; test "$prereg_rc" -eq 3
CHECK: both reports have exactly the old os_build and sampler mismatches, no ledger error; preregistered sampler matches
b5beea464d392621631d9e5060e2c63c804676b28a5b2aea58b714c5cbead6fb  scripts/night_chains/calibration_derivation_only.zsh
81b65f08b19127a106307b9b94616dfeb49d04c3c69f72615cf316792e36ddf1  configs/calibration/preregistration_d079_epoch_25g83_rev1.md
92751527f1678690de1e9c0ee4e4cda5a0d547bf
CHECK: test "$(stat -f %d "$NIGHT_ROOT")" = "$(stat -f %d "$STAGE")"
CHECK: frozen calibration plan source is the reviewed committed plan choice
CHECK: byte equality configs/campaigns/d117_floor_qwen25_1p5b_v3/calibration_plan.json /Users/edr/night-custody/d079-epoch-25g83-derivation-w1-20260927/calibration_plan.json
stale identity fields vs /Users/edr/night-custody/measurement/JouleWise-measurement-20260927-derivation-w1/configs/calibration/calibration_acceptance_d079_v2_n17_r7.json: os_build
IDENTITY_EPOCH_JSON=/Users/edr/night-custody/d079-epoch-25g83-derivation-w1-20260927/identity-epoch.json sha256=b8a1094c24d1795e39fc527ce96ba9e1a4ba2bda66d4250f35a462e28a90b607
T1_BINDINGS_JSON=/Users/edr/night-custody/d079-epoch-25g83-derivation-w1-20260927/t1-bindings.json sha256=8dcdfb009d9cf6c7d218bf19667ad1b88f6a9747c6822c02fd2997ef9a1e9d98
CHECK: t%60==0 and 0<=t-a<=129600 and a<t-600, (t,a)
CHECK: hashlib.sha256((Path(e["MEASUREMENT_ROOT"])/D166_REGISTRATION_PATH).read_bytes()).hexdigest()==D166_REGISTRATION_SHA256
CHECK: not target.exists() and not target.is_symlink()
/Users/edr/night-plan-staging/d079-epoch-25g83-derivation-w1-20260927/night_plan.json
PASS generated derivation-night wrapper region matches
emitted /Users/edr/night-custody/d079-epoch-25g83-derivation-w1-20260927/chain.zsh sha256=ccaeac64a85b9f8888bba784bd98350c4b0d33991b4de16669da990f1cdab956
VERIFIED /Users/edr/night-custody/d079-epoch-25g83-derivation-w1-20260927/chain.zsh sha256=ccaeac64a85b9f8888bba784bd98350c4b0d33991b4de16669da990f1cdab956
{"preflight": "ok", "python": "/Users/edr/night-custody/measurement/JouleWise-measurement-20260927-derivation-w1/.venv/bin/python3", "version": "3.13.1", "modules": ["scripts.run_night", "joulewise.arm_readiness", "joulewise.arm_readiness_evidence_t0", "joulewise.t0_rehearsal", "joulewise.night_gate", "joulewise.measurement_liveness"]}
{"preflight": "ok", "python": "/Users/edr/night-custody/measurement/JouleWise-measurement-20260927-derivation-w1/.venv/bin/python", "version": "3.13.1", "modules": ["scripts.run_night", "joulewise.arm_readiness", "joulewise.arm_readiness_evidence_t0", "joulewise.t0_rehearsal", "joulewise.night_gate", "joulewise.measurement_liveness"]}
{"input_digests": {"/Users/edr/night-custody/d079-epoch-25g83-derivation-w1-20260927/calibration_plan.json": "sha256:9ab4776f3c416284d6d01a5a49587eedcdfbcb8ef61428cdc1046e9b9d74a072", "/Users/edr/night-custody/d079-epoch-25g83-derivation-w1-20260927/identity-epoch.json": "sha256:b8a1094c24d1795e39fc527ce96ba9e1a4ba2bda66d4250f35a462e28a90b607", "/Users/edr/night-custody/d079-epoch-25g83-derivation-w1-20260927/t1-bindings.json": "sha256:8dcdfb009d9cf6c7d218bf19667ad1b88f6a9747c6822c02fd2997ef9a1e9d98", "/Users/edr/night-custody/measurement/JouleWise-measurement-20260927-derivation-w1/configs/calibration/calibration_ledger_head.json": "sha256:6b2d37c8e62cc1e68aac21e8b13cb98be999597ca689a4641b091bd74731c08f", "/Users/edr/night-custody/measurement/JouleWise-measurement-20260927-derivation-w1/runs/calibration_observation_ledger.jsonl": "sha256:95d152f042bb58db0d5a90c12e1961d77d1bd77101f74c26ffbe1cdaaac85302", "/Users/edr/night-plan-staging/d079-epoch-25g83-derivation-w1-20260927/night_plan.json": "sha256:388420b58704e1078e742511e7a1a34880ff59bdb568d34ebd3abab584b402f5"}}
validated pins: repo_head=97082508f3648ff8575c94b0cdfcf657ba440142 measurement_root=/Users/edr/night-custody/measurement/JouleWise-measurement-20260927-derivation-w1 measurement_head=97082508f3648ff8575c94b0cdfcf657ba440142
{"launch_context": {"com.joulewise.night": {"ProcessType": "Interactive", "rendered_plist_sha256": "d082e61cd501bbaecaf2a72ded1711fa50151f7233ac8709a044b0bc1f789c97"}, "com.joulewise.night-probe.d079-epoch-25g83-derivation-w1-20260927": {"ProcessType": "Interactive", "rendered_plist_sha256": "562e4341a7aab0a3829f2c1609d880638a6d053c40790cb600ed201f9580c2c3"}, "com.joulewise.night.deadman": {"ProcessType": "Interactive", "rendered_plist_sha256": "f2074d380571d4f1577128837cee1b36ff8ca2e2e39e33f5d381e3fda6d79219"}}}
CHECK: render-only emitted exactly night, dead-man and this plan's probe plists
CHECK: com.joulewise.night-probe.d079-epoch-25g83-derivation-w1-20260927.plist ProcessType == Interactive
CHECK: com.joulewise.night.deadman.plist ProcessType == Interactive
CHECK: com.joulewise.night.plist ProcessType == Interactive
render evidence: /Users/edr/night-plan-staging/d079-epoch-25g83-derivation-w1-20260927/render-context.json
{"deadman_calendar": {"Hour": 4, "Minute": 5}, "deadman_epoch_s": 1790507100.0, "install_close_epoch_s": 1790493600.0, "install_spans_today": [[1790406000.0, 1790492400.0]], "night_calendar": {"Day": 27, "Hour": 0, "Minute": 30, "Month": 9}, "t0_epoch_s": 1790494200.0}
/Users/edr/night-custody/d079-epoch-25g83-derivation-w1-20260927:
total 152
drwxr-xr-x@  9 edr  staff    288 Sep 26 23:06 .
drwxr-xr-x@ 15 edr  staff    480 Sep 26 23:06 ..
-rw-r--r--@  1 edr  staff  45076 Sep 26 23:06 calibration_plan.json
-rwxr-xr-x@  1 edr  staff   9258 Sep 26 23:06 chain.zsh
-rw-r--r--@  1 edr  staff    119 Sep 26 23:06 chain.zsh.chain-source.sha256
-rw-r--r--@  1 edr  staff     76 Sep 26 23:06 chain.zsh.sha256
-rw-r--r--@  1 edr  staff    246 Sep 26 23:06 identity-epoch.json
drwxr-xr-x@  2 edr  staff     64 Sep 26 23:06 night
-rw-r--r--@  1 edr  staff    541 Sep 26 23:06 t1-bindings.json

/Users/edr/night-plan-staging/d079-epoch-25g83-derivation-w1-20260927:
total 32
drwxr-xr-x@  7 edr  staff   224 Sep 26 23:06 .
drwxr-xr-x@ 14 edr  staff   448 Sep 26 22:37 ..
-rw-r--r--@  1 edr  staff  1278 Sep 26 22:37 battery-gate.txt
-rw-------@  1 edr  staff   876 Sep 26 23:06 night_plan.json
-rw-r--r--@  1 edr  staff   978 Sep 26 23:06 render-context.json
drwxr-xr-x@  5 edr  staff   160 Sep 26 23:06 rendered-agents
-rw-r--r--@  1 edr  staff   270 Sep 26 23:06 schedule.json
STEP2 OK
rc=0
