CHECK: clone HEAD still equals reviewed H and the tree is clean
CHECK: amended Revision 5, frozen calibration plan and both PR-L templates have their exact arm-time digests
CHECK: sha256(configs/calibration/preregistration_d079_epoch_25g83_rev1.md) == PREREG_SHA256: 81b65f08b19127a106307b9b94616dfeb49d04c3c69f72615cf316792e36ddf1
CHECK: sha256(configs/campaigns/d117_floor_qwen25_1p5b_v3/calibration_plan.json) == FROZEN_PLAN_SHA256: 9ab4776f3c416284d6d01a5a49587eedcdfbcb8ef61428cdc1046e9b9d74a072
CHECK: sha256(configs/launchd/com.joulewise.night.plist.template) == NIGHT_TEMPLATE_SHA256: e62a461b9f739be6aa57588219674cbb27f574dc40930ee1ee706f230442e5c8
CHECK: sha256(configs/launchd/com.joulewise.night-probe.plist.template) == PROBE_TEMPLATE_SHA256: 1570b74587075445ee64fff9b14b718a4b753ec3432db9363455636a2d2fc1fd
CHECK: sealed launch-context placeholder count == 0: 0
CHECK: A-R5b heading occurs exactly once: 1
CHECK: Revision 5 names the PR-L merge commit and both template digests
== epoch checks
Desk epoch watch (identity comparison only; no capture authorization)
ACTIVE acceptance: d079_calibration_acceptance_v2_n17_r7
field                  expected                                                         observed                                                         status
os_build               25F84                                                            25G83                                                            MISMATCH
hardware_model         Mac15,9                                                          Mac15,9                                                          match
powermetrics_sha256    b762e5bf7628e77d279012882c096e922633a47aa38bd5f05c0381cfb21330c5 b762e5bf7628e77d279012882c096e922633a47aa38bd5f05c0381cfb21330c5 match
mlx_version            0.31.2                                                           0.31.2                                                           match
mismatched fields: os_build Desk epoch watch (identity comparison only; no capture authorization)
ACTIVE acceptance: d079_calibration_acceptance_v2_n17_r7
field                  expected                                                         observed                                                         status
os_build               25F84                                                            25G83                                                            MISMATCH
hardware_model         Mac15,9                                                          Mac15,9                                                          match
powermetrics_sha256    b762e5bf7628e77d279012882c096e922633a47aa38bd5f05c0381cfb21330c5 b762e5bf7628e77d279012882c096e922633a47aa38bd5f05c0381cfb21330c5 match
mlx_version            0.31.2                                                           0.31.2                                                           match
mismatched fields: os_build
pre-registered powermetrics sha256 b762e5bf7628e77d279012882c096e922633a47aa38bd5f05c0381cfb21330c5: match
check_rc=3 prereg_rc=3
CHECK: test "$check_rc" -eq 3; test "$prereg_rc" -eq 3
CHECK: both reports have exactly the old os_build and sampler mismatches, no ledger error; preregistered sampler matches
rc=1
