== discovery (informational; watchdog fences active spans only):
/Users/edr/night-custody/d079-epoch-25g83-derivation-n1-20260916/night_plan.json
/Users/edr/night-custody/d079-epoch-25g83-derivation-n1-20260919/night_plan.json
== epoch checks
Desk epoch watch (identity comparison only; no capture authorization)
ACTIVE acceptance: d079_calibration_acceptance_v2_n17_r6
field                  expected                                                         observed                                                         status
os_build               25F84                                                            25G83                                                            MISMATCH
hardware_model         Mac15,9                                                          Mac15,9                                                          match
powermetrics_sha256    b762e5bf7628e77d279012882c096e922633a47aa38bd5f05c0381cfb21330c5 b762e5bf7628e77d279012882c096e922633a47aa38bd5f05c0381cfb21330c5 match
mlx_version            0.31.2                                                           0.31.2                                                           match
mismatched fields: os_build
Desk epoch watch (identity comparison only; no capture authorization)
ACTIVE acceptance: d079_calibration_acceptance_v2_n17_r6
field                  expected                                                         observed                                                         status
os_build               25F84                                                            25G83                                                            MISMATCH
hardware_model         Mac15,9                                                          Mac15,9                                                          match
powermetrics_sha256    b762e5bf7628e77d279012882c096e922633a47aa38bd5f05c0381cfb21330c5 b762e5bf7628e77d279012882c096e922633a47aa38bd5f05c0381cfb21330c5 match
mlx_version            0.31.2                                                           0.31.2                                                           match
mismatched fields: os_build
pre-registered powermetrics sha256 b762e5bf7628e77d279012882c096e922633a47aa38bd5f05c0381cfb21330c5: match
check_rc=3 prereg_rc=3
CHECK: test "$check_rc" -eq 3; test "$prereg_rc" -eq 3
b5beea464d392621631d9e5060e2c63c804676b28a5b2aea58b714c5cbead6fb  scripts/night_chains/calibration_derivation_only.zsh
06ac72ba5542cf176732a4360568abe0da49f50a697fe3f7725b395a334dafac  configs/calibration/preregistration_d079_epoch_25g83_rev1.md
6bb9c403208d2eec154304ad33f29108fd025ead
CHECK: test "$(stat -f %d "$NIGHT_ROOT")" = "$(stat -f %d "$STAGE")"
CHECK: byte equality configs/campaigns/d117_floor_qwen25_1p5b_v3/calibration_plan.json /Users/edr/night-custody/d079-epoch-25g83-derivation-n2-20260919/calibration_plan.json
stale identity fields vs /Users/edr/JouleWise-measurement-20260919-derivation-n2/configs/calibration/calibration_acceptance_d079_v2_n17_r6.json: os_build
IDENTITY_EPOCH_JSON=/Users/edr/night-custody/d079-epoch-25g83-derivation-n2-20260919/identity-epoch.json sha256=b8a1094c24d1795e39fc527ce96ba9e1a4ba2bda66d4250f35a462e28a90b607
T1_BINDINGS_JSON=/Users/edr/night-custody/d079-epoch-25g83-derivation-n2-20260919/t1-bindings.json sha256=8dcdfb009d9cf6c7d218bf19667ad1b88f6a9747c6822c02fd2997ef9a1e9d98
CHECK: t%60==0 and 0<=t-a<=129600 and a<t-600, (t,a)
CHECK: hashlib.sha256((Path(e["MEASUREMENT_ROOT"])/D166_REGISTRATION_PATH).read_bytes()).hexdigest()==D166_REGISTRATION_SHA256
CHECK: not target.exists() and not target.is_symlink()
/Users/edr/night-plan-staging/d079-epoch-25g83-derivation-n2-20260919/night_plan.json
PASS generated derivation-night wrapper region matches
emitted /Users/edr/night-custody/d079-epoch-25g83-derivation-n2-20260919/chain.zsh sha256=355dc18d8cf0455d159c3c405aa4cce6fefe465645cf7e8d94be480742bb51cb
VERIFIED /Users/edr/night-custody/d079-epoch-25g83-derivation-n2-20260919/chain.zsh sha256=355dc18d8cf0455d159c3c405aa4cce6fefe465645cf7e8d94be480742bb51cb
{"preflight": "ok", "python": "/Users/edr/JouleWise-measurement-20260919-derivation-n2/.venv/bin/python3", "version": "3.13.1", "modules": ["scripts.run_night", "joulewise.arm_readiness", "joulewise.arm_readiness_evidence_t0", "joulewise.t0_rehearsal", "joulewise.night_gate", "joulewise.measurement_liveness"]}
{"preflight": "ok", "python": "/Users/edr/JouleWise-measurement-20260919-derivation-n2/.venv/bin/python", "version": "3.13.1", "modules": ["scripts.run_night", "joulewise.arm_readiness", "joulewise.arm_readiness_evidence_t0", "joulewise.t0_rehearsal", "joulewise.night_gate", "joulewise.measurement_liveness"]}
{"input_digests": {"/Users/edr/JouleWise-measurement-20260919-derivation-n2/configs/calibration/calibration_ledger_head.json": "sha256:4e59bd820b28d392b09f5f16d652935565ba4389068886e3b436529058bca809", "/Users/edr/JouleWise-measurement-20260919-derivation-n2/runs/calibration_observation_ledger.jsonl": "sha256:c004eee59b1bf837ff00ff94be19d3e3debb2e8bd9736bcc187931dc620193c5", "/Users/edr/night-custody/d079-epoch-25g83-derivation-n2-20260919/calibration_plan.json": "sha256:9ab4776f3c416284d6d01a5a49587eedcdfbcb8ef61428cdc1046e9b9d74a072", "/Users/edr/night-custody/d079-epoch-25g83-derivation-n2-20260919/identity-epoch.json": "sha256:b8a1094c24d1795e39fc527ce96ba9e1a4ba2bda66d4250f35a462e28a90b607", "/Users/edr/night-custody/d079-epoch-25g83-derivation-n2-20260919/t1-bindings.json": "sha256:8dcdfb009d9cf6c7d218bf19667ad1b88f6a9747c6822c02fd2997ef9a1e9d98", "/Users/edr/night-plan-staging/d079-epoch-25g83-derivation-n2-20260919/night_plan.json": "sha256:d76776571029fc73df8599d2bc28973cf3d224af75dfcfdc96ed0c7c7e17557c"}}
validated pins: repo_head=22b92ec764f445b01c6e1cc110ca93c6679a27d5 measurement_root=/Users/edr/JouleWise-measurement-20260919-derivation-n2 measurement_head=22b92ec764f445b01c6e1cc110ca93c6679a27d5
{"deadman_calendar": {"Hour": 8, "Minute": 35}, "deadman_epoch_s": 1789832100.0, "install_close_epoch_s": 1789818600.0, "install_spans_today": [[1789801200.0, 1789887600.0]], "night_calendar": {"Day": 19, "Hour": 5, "Minute": 0, "Month": 9}, "t0_epoch_s": 1789819200.0}
/Users/edr/night-custody/d079-epoch-25g83-derivation-n2-20260919:
total 152
drwxr-xr-x@ 9 edr  staff    288 Sep 19 03:13 .
drwxr-xr-x@ 9 edr  staff    288 Sep 19 03:13 ..
-rw-r--r--@ 1 edr  staff  45076 Sep 19 03:13 calibration_plan.json
-rwxr-xr-x@ 1 edr  staff   9180 Sep 19 03:13 chain.zsh
-rw-r--r--@ 1 edr  staff    119 Sep 19 03:13 chain.zsh.chain-source.sha256
-rw-r--r--@ 1 edr  staff     76 Sep 19 03:13 chain.zsh.sha256
-rw-r--r--@ 1 edr  staff    246 Sep 19 03:13 identity-epoch.json
drwxr-xr-x@ 2 edr  staff     64 Sep 19 03:13 night
-rw-r--r--@ 1 edr  staff    541 Sep 19 03:13 t1-bindings.json

/Users/edr/night-plan-staging/d079-epoch-25g83-derivation-n2-20260919:
total 16
drwxr-xr-x@ 5 edr  staff  160 Sep 19 03:13 .
drwxr-xr-x@ 8 edr  staff  256 Sep 19 03:13 ..
-rw-------@ 1 edr  staff  850 Sep 19 03:13 night_plan.json
drwxr-xr-x@ 5 edr  staff  160 Sep 19 03:13 rendered-agents
-rw-r--r--@ 1 edr  staff  270 Sep 19 03:13 schedule.json
STEP2 OK
