bound.admission.attempt1.cpu_busy_ratio_p95_exceeded 3
bound.admission.attempt1.processor_combined_power_w_p95_exceeded 1
bound.admission.attempt2.cpu_busy_ratio_p95_exceeded 3
bound.admission.attempt2.processor_combined_power_w_p95_exceeded 1
bound.admission.attempts.2 3
bound.admission.decision.abort 3
bound.bundles 12
bound.failure_phase.idle_baseline 3
bound.failure_reason.unknown_error 3
bound.join.clock_check.ok 1
bound.join.not_succeeded.baseline_overlaps_over_limit 3
bound.join.offenders_in_not_succeeded_baselines.corespotlightd 2
bound.join.offenders_in_not_succeeded_baselines.find 1
bound.join.offenders_in_not_succeeded_baselines.fseventsd 1
bound.join.offenders_in_not_succeeded_baselines.mds 1
bound.join.offenders_in_not_succeeded_baselines.mds_stores 1
bound.join.offenders_in_not_succeeded_baselines.signpost_reporte 2
bound.join.offenders_in_not_succeeded_baselines.spindump 1
bound.join.succeeded.baseline_clean 7
bound.join.succeeded.baseline_overlaps_over_limit 2
bound.status.failed 3
bound.status.succeeded 9
claim.admission.attempt1.cpu_busy_ratio_p95_exceeded 1
claim.admission.attempt2.cpu_busy_ratio_p95_exceeded 1
claim.admission.attempts.2 1
claim.admission.decision.abort 1
claim.bundles 107
claim.failure_phase.idle_baseline 1
claim.failure_reason.unknown_error 1
claim.join.clock_check.ok 1
claim.join.not_succeeded.baseline_overlaps_over_limit 1
claim.join.offenders_in_not_succeeded_baselines.IMTransferAgent 1
claim.join.offenders_in_not_succeeded_baselines.bird 1
claim.join.offenders_in_not_succeeded_baselines.corespotlightd 1
claim.join.offenders_in_not_succeeded_baselines.deleted 1
claim.join.offenders_in_not_succeeded_baselines.duetexpertd 1
claim.join.offenders_in_not_succeeded_baselines.fileproviderd 1
claim.join.offenders_in_not_succeeded_baselines.mds 1
claim.join.offenders_in_not_succeeded_baselines.mobileassetd 1
claim.join.succeeded.baseline_clean 84
claim.join.succeeded.baseline_overlaps_over_limit 22
claim.status.failed 1
claim.status.succeeded 106
