before custody files 84 ledger 23f72c37cb2483faa1b31a603996b86d6b7b390ce9460f490699501cfc971c7d
COMMAND /opt/homebrew/bin/python3 -B scripts/issue_calibration_acceptance_generation.py verify-members --artifact /Users/edr/code/JouleWise-wt-d138-replay-d528efb2/configs/calibration/calibration_acceptance_d079_v2_n12_25g83_r1.json --corpus-root /Users/edr/night-custody
member "d079-epoch-25g83-derivation-w1-20260927-d04": PASS
member "d079-epoch-25g83-derivation-w1-20260927-d05": PASS
member "d079-epoch-25g83-derivation-w1-20260927-d06": PASS
member "d079-epoch-25g83-derivation-w1-20260927-d07": PASS
member "d079-epoch-25g83-derivation-w1-20260927-d10": PASS
member "d079-epoch-25g83-derivation-w1-20260927-d12": PASS
member "d079-epoch-25g83-derivation-w2-20260927-d01": PASS
member "d079-epoch-25g83-derivation-w2-20260927-d03": PASS
member "d079-epoch-25g83-derivation-w2-20260927-d04": PASS
member "d079-epoch-25g83-derivation-w2-20260927-d05": PASS
member "d079-epoch-25g83-derivation-w2-20260927-d09": PASS
member "d079-epoch-25g83-derivation-w2-20260927-d10": PASS
 
iv PASS 12 members; all custody digests equal immediately after verification
COMMAND /opt/homebrew/bin/python3 -B scripts/issue_calibration_acceptance_generation.py prepare-candidate --preregistration configs/calibration/preregistration_d079_epoch_25g83_rev1.md --preregistration-sha256 81b65f08b19127a106307b9b94616dfeb49d04c3c69f72615cf316792e36ddf1 --registration-session-id d079-epoch-25g83-derivation-w1-20260927 --registration-session-id d079-epoch-25g83-derivation-w2-20260927 --d125-ruling 'docs/decision_log.md, D-125 addendum (2026-09-25): Revision 5 screen and ceiling for epoch 25G83/v3 (ACCEPTANCE-25G83-02 §5 R5(i), R9)' --out /tmp/d138-replay-d528efb2/independent/D3-candidate.json --corpus-root /Users/edr/night-custody --predecessor-acceptance configs/calibration/calibration_acceptance_d079_v2_n17_r7.json --ledger /Users/edr/night-custody/measurement/JouleWise-measurement-20260927-derivation-w2/runs/calibration_observation_ledger.jsonl
candidate written (NOT ISSUED): /tmp/d138-replay-d528efb2/independent/D3-candidate.json
corpus n: 12
screen_rule: floored_range_envelope_screen
 
v D3 PASS byte_equal=True sha256=dbad7cc782945691701c2ee11188179a61b333dbd0a5588b970636716554b5b2
custody files unchanged 84 ledger unchanged=True
CUSTODY AND D3 PASS
