CHECK: clone HEAD equals H and the tree is clean
CHECK: sealed registration digest, sealed declaration, every pin, gate acceptance of the registration
CHECK: sha256(registration) == PREREG_SHA256
CHECK: no unfilled seal pin
CHECK: declaration parses (refuses unless sealed, pattern, count rule)
CHECK: sha256(scripts/night_chains/calibration_derivation_only.zsh) == pins.chain_sha256
CHECK: sha256(scripts/validate_powermetrics_fiducial.py) == pins.validator_sha256
CHECK: sha256(scripts/prewindow_check.sh) == pins.prewindow_check_sha256
CHECK: sha256(joulewise/powermetrics_fiducial.py) == pins.estimator_code_sha256
CHECK: sha256(joulewise/uncertainty_evidence.py) == pins.estimator_code_sha256
CHECK: sha256(joulewise/adapters/powermetrics.py) == pins.estimator_code_sha256
CHECK: sha256(joulewise/reduce.py) == pins.estimator_code_sha256
CHECK: both launch templates are the pinned pair
CHECK: pins.cap_cells == the code's cell budget
CHECK: first window: committed ledger pin == pins.ledger_head_pin_at_first_window
CHECK: the night gate would accept this registration (GAP 1: main's RULED_REGISTRATIONS)
step2 pins PASS
CHECK: frozen calibration plan digest, byte copy into custody
stale identity fields vs /Users/edr/night-custody/measurement/JouleWise-measurement-20261001T0137Z-r6-c1/configs/calibration/calibration_acceptance_d079_v2_n17_r8.json: os_build
IDENTITY_EPOCH_JSON=/Users/edr/night-custody/d079-epoch-25g83-r6-derivation-c1-20261001T0137Z/identity-epoch.json sha256=b8a1094c24d1795e39fc527ce96ba9e1a4ba2bda66d4250f35a462e28a90b607
T1_BINDINGS_JSON=/Users/edr/night-custody/d079-epoch-25g83-r6-derivation-c1-20261001T0137Z/t1-bindings.json sha256=8dcdfb009d9cf6c7d218bf19667ad1b88f6a9747c6822c02fd2997ef9a1e9d98
CHECK: live identity epoch equals the sealed declaration's identity epoch
CHECK: identity os_build: live '25G83' == declared '25G83'
CHECK: identity hardware_model: live 'Mac15,9' == declared 'Mac15,9'
CHECK: identity power_policy: live 'ac_high_power' == declared 'ac_high_power'
CHECK: identity sampling_interval_ms: live 100 == declared 100
CHECK: identity estimator_revision: live 'joint_loss_sublevel_interval_branch_v2' == declared 'joint_loss_sublevel_interval_branch_v2'
CHECK: identity pulse_protocol_id: live 'powermetrics_pulse_fiducial_v3' == declared 'powermetrics_pulse_fiducial_v3'
CHECK: t0 minute aligned, 0 <= t0 - authored <= 129600 and authored < t0 - 600
/Users/edr/night-plan-staging/d079-epoch-25g83-r6-derivation-c1-20261001T0137Z/night_plan.json
PASS generated derivation-night wrapper region matches
emitted /Users/edr/night-custody/d079-epoch-25g83-r6-derivation-c1-20261001T0137Z/chain.zsh sha256=0662b0d68c150f962a36efb582bde5fcef7137e704d0e69097f3ca71faf701c3
VERIFIED /Users/edr/night-custody/d079-epoch-25g83-r6-derivation-c1-20261001T0137Z/chain.zsh sha256=0662b0d68c150f962a36efb582bde5fcef7137e704d0e69097f3ca71faf701c3
{"preflight": "ok", "python": "/Users/edr/night-custody/measurement/JouleWise-measurement-20261001T0137Z-r6-c1/.venv/bin/python", "version": "3.13.1", "modules": ["scripts.run_night", "joulewise.arm_readiness", "joulewise.arm_readiness_evidence_t0", "joulewise.t0_rehearsal", "joulewise.night_gate", "joulewise.measurement_liveness"]}
{"preflight": "ok", "python": "/Users/edr/night-custody/measurement/JouleWise-measurement-20261001T0137Z-r6-c1/.venv/bin/python", "version": "3.13.1", "modules": ["scripts.run_night", "joulewise.arm_readiness", "joulewise.arm_readiness_evidence_t0", "joulewise.t0_rehearsal", "joulewise.night_gate", "joulewise.measurement_liveness"]}
{"input_digests": {"/Users/edr/night-custody/d079-epoch-25g83-r6-derivation-c1-20261001T0137Z/calibration_plan.json": "sha256:9ab4776f3c416284d6d01a5a49587eedcdfbcb8ef61428cdc1046e9b9d74a072", "/Users/edr/night-custody/d079-epoch-25g83-r6-derivation-c1-20261001T0137Z/identity-epoch.json": "sha256:b8a1094c24d1795e39fc527ce96ba9e1a4ba2bda66d4250f35a462e28a90b607", "/Users/edr/night-custody/d079-epoch-25g83-r6-derivation-c1-20261001T0137Z/t1-bindings.json": "sha256:8dcdfb009d9cf6c7d218bf19667ad1b88f6a9747c6822c02fd2997ef9a1e9d98", "/Users/edr/night-custody/measurement/JouleWise-measurement-20261001T0137Z-r6-c1/configs/calibration/calibration_ledger_head.json": "sha256:5dbac530fbaebecfcd730acf1e49f9e2dff315da282382b5e6b5812fcd04aad5", "/Users/edr/night-custody/measurement/JouleWise-measurement-20261001T0137Z-r6-c1/runs/calibration_observation_ledger.jsonl": "sha256:23f72c37cb2483faa1b31a603996b86d6b7b390ce9460f490699501cfc971c7d", "/Users/edr/night-plan-staging/d079-epoch-25g83-r6-derivation-c1-20261001T0137Z/night_plan.json": "sha256:80b69a16410e79517fe03170ae3ef151e188d47be19427f7722e625112acdfd1"}}
validated pins: repo_head=a23e1f82c36a80bcc1cba914a8cb9482ed57f4a9 measurement_root=/Users/edr/night-custody/measurement/JouleWise-measurement-20261001T0137Z-r6-c1 measurement_head=a23e1f82c36a80bcc1cba914a8cb9482ed57f4a9
{"launch_context": {"com.joulewise.night": {"ProcessType": "Interactive", "rendered_plist_sha256": "172884564618aa0d2b23a873a8ca0612d0e7178e2d2fe4da198ca5a3eac6c217"}, "com.joulewise.night-probe.d079-epoch-25g83-r6-derivation-c1-20261001T0137Z": {"ProcessType": "Interactive", "rendered_plist_sha256": "771a8e2b9d865205e8d7491224c75c308aff39c375934f2585df707338f10592"}, "com.joulewise.night.deadman": {"ProcessType": "Interactive", "rendered_plist_sha256": "7e8669008467a7b541c7b2d96a39e517779f4628b1c87259d12bdf5a86e78c34"}}}
CHECK: com.joulewise.night-probe.d079-epoch-25g83-r6-derivation-c1-20261001T0137Z.plist ProcessType == Interactive
CHECK: com.joulewise.night.deadman.plist ProcessType == Interactive
CHECK: com.joulewise.night.plist ProcessType == Interactive
{"deadman_calendar": {"Hour": 22, "Minute": 12}, "deadman_epoch_s": 1790831520.0, "install_close_epoch_s": 1790818020.0, "install_spans_today": [[1790751600.0, 1790838000.0]], "night_calendar": {"Day": 30, "Hour": 18, "Minute": 37, "Month": 9}, "t0_epoch_s": 1790818620.0}
/Users/edr/night-custody/d079-epoch-25g83-r6-derivation-c1-20261001T0137Z:
total 160
drwxr-xr-x@ 10 edr  staff    320 Sep 30 17:37 .
drwxr-xr-x@ 17 edr  staff    544 Sep 30 17:37 ..
-rw-r--r--@  1 edr  staff  45076 Sep 30 17:37 calibration_plan.json
-rwxr-xr-x@  1 edr  staff   9316 Sep 30 17:37 chain.zsh
-rw-r--r--@  1 edr  staff    119 Sep 30 17:37 chain.zsh.chain-source.sha256
-rw-r--r--@  1 edr  staff     76 Sep 30 17:37 chain.zsh.sha256
-rw-r--r--@  1 edr  staff    246 Sep 30 17:37 identity-epoch.json
drwxr-xr-x@  2 edr  staff     64 Sep 30 17:37 night
-rw-r--r--@  1 edr  staff    329 Sep 30 17:37 start_conditions_manifest.json
-rw-r--r--@  1 edr  staff    541 Sep 30 17:37 t1-bindings.json

/Users/edr/night-plan-staging/d079-epoch-25g83-r6-derivation-c1-20261001T0137Z:
total 32
drwxr-xr-x@  7 edr  staff   224 Sep 30 17:37 .
drwxr-xr-x@ 17 edr  staff   544 Sep 30 17:36 ..
-rw-r--r--@  1 edr  staff  1277 Sep 30 17:36 battery-gate.txt
-rw-------@  1 edr  staff   893 Sep 30 17:37 night_plan.json
-rw-r--r--@  1 edr  staff  1023 Sep 30 17:37 render-context.json
drwxr-xr-x@  5 edr  staff   160 Sep 30 17:37 rendered-agents
-rw-r--r--@  1 edr  staff   273 Sep 30 17:37 schedule.json
STEP2 OK
