CHECK: minute aligned; t0 >= authoring + 40 min, within 36 h
/Users/edr/night-plan-staging/qpe01-pilot-n1-20260920/night_plan.json
/Users/edr/night-custody/qpe01-pilot-n1-20260920/chain.zsh
570dba7ec7492e933f680db09e56aaad89a8efa50de761fa092a7cafe18b7705  /Users/edr/night-custody/qpe01-pilot-n1-20260920/chain.zsh
570dba7ec7492e933f680db09e56aaad89a8efa50de761fa092a7cafe18b7705  chain.zsh
568a2771b28da9d805cd23ff4059bbbc27d6dfad1f8d9603331a412e3751b7ea  quiet_predicate_evidence.zsh
{
  "files": {
    "configs/campaigns/quiet_predicate_evidence_01/pilot_protocol_v1.json": "f59804a9a28b2145f7bb8e91a8f0fe11b21ae6728cee70d8e943fe52a46da6f6",
    "joulewise/night_agent_install.py": "794194ef712ee5bbdc973caf0ece66e96c605dd7cd8a5236bdbad0978cb771cb",
    "joulewise/night_gate.py": "2ef062e72440771753d53f50a75569ee4a7057b3b97fb723c0b8d3d097e213f3",
    "joulewise/quiet_admission.py": "79e12d2b6ce8fec739c23ded36ee7127fc1b22b4b7dcf7468253eaebb632db22",
    "joulewise/quiet_predicate_campaign.py": "c81fc9e29f033ed5d74a4edee43d1fedc1a309474da89f3338c79c7f395f6096",
    "scripts/night_chains/quiet_predicate_evidence.zsh": "568a2771b28da9d805cd23ff4059bbbc27d6dfad1f8d9603331a412e3751b7ea",
    "scripts/run_night.py": "e79887fe428115bd0d1bc49b38765646b092129c27a07057f160e7926046a446",
    "scripts/sample_quiet_predicate_evidence.py": "21f76403cbcdd050a9e9a08f84ed399aa2834d8ddba387233a4d318aec3e48f3"
  },
  "measurement_head": "cd10ce9d12f291070a0be77bc8c7768aa5e58ace",
  "plan_id": "qpe01-pilot-n1-20260920",
  "schema": "joulewise.night_evidence_manifest.v1"
}
PASS: v2 plan, no v4 schema
PASS: no quiet_admission
PASS: no pack fields
PASS: plan heads equal H
PASS: plan id and roots equal environment
PASS: t0 equals selected epoch
PASS: DIAGNOSTIC_NO_PACK, frozen 9000 s window
PASS: repo-relative pilot registration
PASS: wrapper paths match custody root
PASS: single evidence payload literal
PASS: wrapper SHA-256 equals sidecar
PASS: sealed manifest equals manifest_for(plan)
PASS: wrapper source SHA-256 equals tracked chain at H
PASS: registration SHA-256 belongs to chain-bound RULED_REGISTRATIONS
PASS: registration binds source SHA-256
PASS: plan age valid; t0 at least 40 min after authoring
PASS: before exclusive install close
PASS: same-device atomic publication
PASS: derived boundaries equal driver schedule
candidate checks PASS
{"preflight": "ok", "python": "/Users/edr/JouleWise-measurement-20260920-qpe01-pilot-n1/.venv/bin/python", "version": "3.13.1", "modules": ["scripts.run_night", "joulewise.arm_readiness", "joulewise.arm_readiness_evidence_t0", "joulewise.t0_rehearsal", "joulewise.night_gate", "joulewise.measurement_liveness"]}
{"preflight": "ok", "python": "/Users/edr/JouleWise-measurement-20260920-qpe01-pilot-n1/.venv/bin/python", "version": "3.13.1", "modules": ["scripts.run_night", "joulewise.arm_readiness", "joulewise.arm_readiness_evidence_t0", "joulewise.t0_rehearsal", "joulewise.night_gate", "joulewise.measurement_liveness"]}
{"chain_sha256": "570dba7ec7492e933f680db09e56aaad89a8efa50de761fa092a7cafe18b7705", "input_digests": {"/Users/edr/night-custody/qpe01-pilot-n1-20260920/evidence_manifest.json": "sha256:099d497dacdbe82827cc0578f76c7144f214934062d7e0908848fdc148e59d53", "/Users/edr/night-plan-staging/qpe01-pilot-n1-20260920/night_plan.json": "sha256:463d25f07860a86f2a0255a327ab3385490b718932b42c8feb234c252972920e"}, "payload_kind": "quiet_predicate_evidence"}
validated pins: repo_head=cd10ce9d12f291070a0be77bc8c7768aa5e58ace measurement_root=/Users/edr/JouleWise-measurement-20260920-qpe01-pilot-n1 measurement_head=cd10ce9d12f291070a0be77bc8c7768aa5e58ace
{"deadman_calendar": {"Hour": 4, "Minute": 15}, "deadman_epoch_s": 1789902900.0, "install_close_epoch_s": 1789889400.0, "install_spans_today": [[1789801200.0, 1789887600.0]], "night_calendar": {"Day": 20, "Hour": 0, "Minute": 40, "Month": 9}, "t0_epoch_s": 1789890000.0}
/Users/edr/night-custody/qpe01-pilot-n1-20260920:
total 32
drwxr-xr-x@  7 edr  staff   224 Sep 19 23:14 .
drwxr-xr-x@ 10 edr  staff   320 Sep 19 23:14 ..
-rwxr-xr-x@  1 edr  staff  1527 Sep 19 23:14 chain.zsh
-rw-r--r--@  1 edr  staff    95 Sep 19 23:14 chain.zsh.chain-source.sha256
-rw-r--r--@  1 edr  staff    76 Sep 19 23:14 chain.zsh.sha256
-rw-r--r--@  1 edr  staff  1085 Sep 19 23:14 evidence_manifest.json
drwxr-xr-x@  2 edr  staff    64 Sep 19 23:14 night

/Users/edr/night-plan-staging/qpe01-pilot-n1-20260920:
total 16
drwxr-xr-x@ 5 edr  staff  160 Sep 19 23:14 .
drwxr-xr-x@ 9 edr  staff  288 Sep 19 23:14 ..
-rw-------@ 1 edr  staff  778 Sep 19 23:14 night_plan.json
drwxr-xr-x@ 5 edr  staff  160 Sep 19 23:14 rendered-agents
-rw-r--r--@ 1 edr  staff  271 Sep 19 23:14 schedule.json
PASS: v2 plan, no v4 schema
PASS: no quiet_admission
PASS: no pack fields
PASS: plan heads equal H
PASS: plan id and roots equal environment
PASS: t0 equals selected epoch
PASS: DIAGNOSTIC_NO_PACK, frozen 9000 s window
PASS: repo-relative pilot registration
PASS: wrapper paths match custody root
PASS: single evidence payload literal
PASS: wrapper SHA-256 equals sidecar
PASS: sealed manifest equals manifest_for(plan)
PASS: wrapper source SHA-256 equals tracked chain at H
PASS: registration SHA-256 belongs to chain-bound RULED_REGISTRATIONS
PASS: registration binds source SHA-256
PASS: plan age valid; t0 at least 40 min after authoring
PASS: before exclusive install close
PASS: same-device atomic publication
PASS: derived boundaries equal driver schedule
PASS: publication-safe EVIDENCE_PLAN_PATH equals published PLAN (NEEDS_RULING at pinned H)
candidate checks PASS
STEP2 OK
